// Jest Snapshot v1, https://goo.gl/fbAQLP

exports[`Pattern get width and height 1`] = `
OOX
OOO
OOO
XOO
`;

exports[`Pattern mirrorHorizontal simple 1`] = `
XO
XO
XO
`;

exports[`Pattern mirrorHorizontal simple 2`] = `
OX
OX
OX
`;

exports[`Pattern mirrorVertical simple 1`] = `
XXX
OOO
`;

exports[`Pattern mirrorVertical simple 2`] = `
OOO
XXX
`;
