// Jest Snapshot v1, https://goo.gl/fbAQLP

exports[`guns_and_eaters seed with even grid 1`] = `
OOOOOOOOOOOXOOOOOOOOOOOOOOOOOOOOOOOOOOOOOXXOOOOOOOOOOOOOOOOOXOOOOOOOOOOOOOOOOOOOOOOOOOOOOOXXOOOOOOOOOOOOOOOOOXOOOOOOOOOOOOOOOOOOOOOOOOOOOOOXXOOOOOOOOOOOOOOOOOXOOOOOOOOOOOOOOOOOOOOOOOOOOOOOXXOOOOOOOOOOOOOOOOOXOOOOOOOOOOOOOOOOOOOOOOOOOOOOOXXOOOO
OOOOOOOOOOOXOXOOOOOOOOOOOOOOOOOOOOOOOOOOOXOOOOOOOOOOOOOOOOOOXOXOOOOOOOOOOOOOOOOOOOOOOOOOOOXOOOOOOOOOOOOOOOOOOXOXOOOOOOOOOOOOOOOOOOOOOOOOOOOXOOOOOOOOOOOOOOOOOOXOXOOOOOOOOOOOOOOOOOOOOOOOOOOOXOOOOOOOOOOOOOOOOOOXOXOOOOOOOOOOOOOOOOOOOOOOOOOOOXOOOOO
XXOOOOOOOOOOOOXXOOOOOOXXOOOOOOOOOOOOOOOXOXOOOOOOOXXOOOOOOOOOOOOXXOOOOOOXXOOOOOOOOOOOOOOOXOXOOOOOOOXXOOOOOOOOOOOOXXOOOOOOXXOOOOOOOOOOOOOOOXOXOOOOOOOXXOOOOOOOOOOOOXXOOOOOOXXOOOOOOOOOOOOOOOXOXOOOOOOOXXOOOOOOOOOOOOXXOOOOOOXXOOOOOOOOOOOOOOOXOXOOOOO
XXOOOOOOOOOOOOXXOOOOXOOOXOOOOOOOOOOOOOXOXOOOOOOOOXXOOOOOOOOOOOOXXOOOOXOOOXOOOOOOOOOOOOOXOXOOOOOOOOXXOOOOOOOOOOOOXXOOOOXOOOXOOOOOOOOOOOOOXOXOOOOOOOOXXOOOOOOOOOOOOXXOOOOXOOOXOOOOOOOOOOOOOXOXOOOOOOOOXXOOOOOOOOOOOOXXOOOOXOOOXOOOOOOOOOOOOOXOXOOOOOO
OOOOOOOOOOOOOOXXOOOXOOOOOXOOOOOOOOXXOOOXOOOOOOOOOOOOOOOOOOOOOOOXXOOOXOOOOOXOOOOOOOOXXOOOXOOOOOOOOOOOOOOOOOOOOOOOXXOOOXOOOOOXOOOOOOOOXXOOOXOOOOOOOOOOOOOOOOOOOOOOOXXOOOXOOOOOXOOOOOOOOXXOOOXOOOOOOOOOOOOOOOOOOOOOOOXXOOOXOOOOOXOOOOOOOOXXOOOXOOOOOOO
OOOOOOOOOOOXOXOOOOXXOXOOOXOOOOOOOOXXOOOOOOOOOOOOOOOOOOOOOOOOXOXOOOOXXOXOOOXOOOOOOOOXXOOOOOOOOOOOOOOOOOOOOOOOOXOXOOOOXXOXOOOXOOOOOOOOXXOOOOOOOOOOOOOOOOOOOOOOOOXOXOOOOXXOXOOOXOOOOOOOOXXOOOOOOOOOOOOOOOOOOOOOOOOXOXOOOOXXOXOOOXOOOOOOOOXXOOOOOOOOOOO
OOOOOOOOOOOXOOOOOOOXOOOOOXOOOOOOOOOOOOOOOOOOOOOOOOOOOOOOOOOOXOOOOOOOXOOOOOXOOOOOOOOOOOOOOOOOOOOOOOOOOOOOOOOOOXOOOOOOOXOOOOOXOOOOOOOOOOOOOOOOOOOOOOOOOOOOOOOOOOXOOOOOOOXOOOOOXOOOOOOOOOOOOOOOOOOOOOOOOOOOOOOOOOOXOOOOOOOXOOOOOXOOOOOOOOOOOOOOOOOOOOO
OOOOOOOOOOOOOOOOOOOOXOOOXOOOOOOOOOOOOOOOOOOOOOOOOOOOOOOOOOOOOOOOOOOOOXOOOXOOOOOOOOOOOOOOOOOOOOOOOOOOOOOOOOOOOOOOOOOOOOXOOOXOOOOOOOOOOOOOOOOOOOOOOOOOOOOOOOOOOOOOOOOOOOOXOOOXOOOOOOOOOOOOOOOOOOOOOOOOOOOOOOOOOOOOOOOOOOOOXOOOXOOOOOOOOOOOOOOOOOOOOOO
OOOOOOOOOOOOOOOOOOOOOOXXOOOOOOOOOOOOOOOOOOOOOOOOOOOOOOOOOOOOOOOOOOOOOOOXXOOOOOOOOOOOOOOOOOOOOOOOOOOOOOOOOOOOOOOOOOOOOOOOXXOOOOOOOOOOOOOOOOOOOOOOOOOOOOOOOOOOOOOOOOOOOOOOOXXOOOOOOOOOOOOOOOOOOOOOOOOOOOOOOOOOOOOOOOOOOOOOOOXXOOOOOOOOOOOOOOOOOOOOOOO
OOOOOOOOOOOOOOOOOOOOOOOOOOOOOOOOOOOOOOOOOOOOOOOOOOOOOOOOOOOOOOOOOOOOOOOOOOOOOOOOOOOOOOOOOOOOOOOOOOOOOOOOOOOOOOOOOOOOOOOOOOOOOOOOOOOOOOOOOOOOOOOOOOOOOOOOOOOOOOOOOOOOOOOOOOOOOOOOOOOOOOOOOOOOOOOOOOOOOOOOOOOOOOOOOOOOOOOOOOOOOOOOOOOOOOOOOOOOOOOOOOO
OOOOOOOOOOOOOOOOOOOOOOOOOOOOOOOOOOOOOOOOOOOOOOOOOOOOOOOOOOOOOOOOOOOOOOOOOOOOOOOOOOOOOOOOOOOOOOOOOOOOOOOOOOOOOOOOOOOOOOOOOOOOOOOOOOOOOOOOOOOOOOOOOOOOOOOOOOOOOOOOOOOOOOOOOOOOOOOOOOOOOOOOOOOOOOOOOOOOOOOOOOOOOOOOOOOOOOOOOOOOOOOOOOOOOOOOOOOOOOOOOOO
OOOOOOOOOOOOOOOOOOOOOOOOOOOOOOOOOOOOOOOOOOOOOOOOOOOOOOOOOOOOOOOOOOOOOOOOOOOOOOOOOOOOOOOOOOOOOOOOOOOOOOOOOOOOOOOOOOOOOOOOOOOOOOOOOOOOOOOOOOOOOOOOOOOOOOOOOOOOOOOOOOOOOOOOOOOOOOOOOOOOOOOOOOOOOOOOOOOOOOOOOOOOOOOOOOOOOOOOOOOOOOOOOOOOOOOOOOOOOOOOOOO
OOOOOOOOOOOOOOOOOOOOOOOOOOOOOOOOOOOOOOOOOOOOOOOOOOOOOOOOOOOOOOOOOOOOOOOOOOOOOOOOOOOOOOOOOOOOOOOOOOOOOOOOOOOOOOOOOOOOOOOOOOOOOOOOOOOOOOOOOOOOOOOOOOOOOOOOOOOOOOOOOOOOOOOOOOOOOOOOOOOOOOOOOOOOOOOOOOOOOOOOOOOOOOOOOOOOOOOOOOOOOOOOOOOOOOOOOOOOOOOOOOO
OOOOOOOOOOOOOOOOOOOOOOOOOOOOOOOOOOOOOOOOOOOOOOOOOOOOOOOOOOOOOOOOOOOOOOOOOOOOOOOOOOOOOOOOOOOOOOOOOOOOOOOOOOOOOOOOOOOOOOOOOOOOOOOOOOOOOOOOOOOOOOOOOOOOOOOOOOOOOOOOOOOOOOOOOOOOOOOOOOOOOOOOOOOOOOOOOOOOOOOOOOOOOOOOOOOOOOOOOOOOOOOOOOOOOOOOOOOOOOOOOOO
OOOOOOOOOOOOOOOOOOOOOOOXXOOOOOOOOOOOOOOOOOOOOOOOOOOOOOOOOOOOOOOOOOOOOOOOXXOOOOOOOOOOOOOOOOOOOOOOOOOOOOOOOOOOOOOOOOOOOOOOOXXOOOOOOOOOOOOOOOOOOOOOOOOOOOOOOOOOOOOOOOOOOOOOOOXXOOOOOOOOOOOOOOOOOOOOOOOOOOOOOOOOOOOOOOOOOOOOOOOXXOOOOOOOOOOOOOOOOOOOOOO
OOOOOOOOOOOOOOOOOOOOOOXOOOXOOOOOOOOOOOOOOOOOOOOOOOOOOOOOOOOOOOOOOOOOOOOXOOOXOOOOOOOOOOOOOOOOOOOOOOOOOOOOOOOOOOOOOOOOOOOOXOOOXOOOOOOOOOOOOOOOOOOOOOOOOOOOOOOOOOOOOOOOOOOOOXOOOXOOOOOOOOOOOOOOOOOOOOOOOOOOOOOOOOOOOOOOOOOOOOXOOOXOOOOOOOOOOOOOOOOOOOO
OOOOOOOOOOOOOOOOOOOOOXOOOOOXOOOOOOOXOOOOOOOOOOOOOOOOOOOOOOOOOOOOOOOOOOXOOOOOXOOOOOOOXOOOOOOOOOOOOOOOOOOOOOOOOOOOOOOOOOOXOOOOOXOOOOOOOXOOOOOOOOOOOOOOOOOOOOOOOOOOOOOOOOOOXOOOOOXOOOOOOOXOOOOOOOOOOOOOOOOOOOOOOOOOOOOOOOOOOXOOOOOXOOOOOOOXOOOOOOOOOOO
OOOOOOOOOOOXXOOOOOOOOXOOOXOXXOOOOXOXOOOOOOOOOOOOOOOOOOOOOOOOXXOOOOOOOOXOOOXOXXOOOOXOXOOOOOOOOOOOOOOOOOOOOOOOOXXOOOOOOOOXOOOXOXXOOOOXOXOOOOOOOOOOOOOOOOOOOOOOOOXXOOOOOOOOXOOOXOXXOOOOXOXOOOOOOOOOOOOOOOOOOOOOOOOXXOOOOOOOOXOOOXOXXOOOOXOXOOOOOOOOOOO
OOOOOOOXOOOXXOOOOOOOOXOOOOOXOOOXXOOOOOOOOOOOOOOOOOOOOOOOXOOOXXOOOOOOOOXOOOOOXOOOXXOOOOOOOOOOOOOOOOOOOOOOOXOOOXXOOOOOOOOXOOOOOXOOOXXOOOOOOOOOOOOOOOOOOOOOOOXOOOXXOOOOOOOOXOOOOOXOOOXXOOOOOOOOOOOOOOOOOOOOOOOXOOOXXOOOOOOOOXOOOOOXOOOXXOOOOOOOOOOOOOO
OOOOOOXOXOOOOOOOOOOOOOXOOOXOOOOXXOOOOOOOOOOOOXXOOOOOOOOXOXOOOOOOOOOOOOOXOOOXOOOOXXOOOOOOOOOOOOXXOOOOOOOOXOXOOOOOOOOOOOOOXOOOXOOOOXXOOOOOOOOOOOOXXOOOOOOOOXOXOOOOOOOOOOOOOXOOOXOOOOXXOOOOOOOOOOOOXXOOOOOOOOXOXOOOOOOOOOOOOOXOOOXOOOOXXOOOOOOOOOOOOXX
OOOOOXOXOOOOOOOOOOOOOOOXXOOOOOOXXOOOOOOOOOOOOXXOOOOOOOXOXOOOOOOOOOOOOOOOXXOOOOOOXXOOOOOOOOOOOOXXOOOOOOOXOXOOOOOOOOOOOOOOOXXOOOOOOXXOOOOOOOOOOOOXXOOOOOOOXOXOOOOOOOOOOOOOOOXXOOOOOOXXOOOOOOOOOOOOXXOOOOOOOXOXOOOOOOOOOOOOOOOXXOOOOOOXXOOOOOOOOOOOOXX
OOOOOXOOOOOOOOOOOOOOOOOOOOOOOOOOOXOXOOOOOOOOOOOOOOOOOOXOOOOOOOOOOOOOOOOOOOOOOOOOOOXOXOOOOOOOOOOOOOOOOOOXOOOOOOOOOOOOOOOOOOOOOOOOOOOXOXOOOOOOOOOOOOOOOOOOXOOOOOOOOOOOOOOOOOOOOOOOOOOOXOXOOOOOOOOOOOOOOOOOOXOOOOOOOOOOOOOOOOOOOOOOOOOOOXOXOOOOOOOOOOO
OOOOXXOOOOOOOOOOOOOOOOOOOOOOOOOOOOOXOOOOOOOOOOOOOOOOOXXOOOOOOOOOOOOOOOOOOOOOOOOOOOOOXOOOOOOOOOOOOOOOOOXXOOOOOOOOOOOOOOOOOOOOOOOOOOOOOXOOOOOOOOOOOOOOOOOXXOOOOOOOOOOOOOOOOOOOOOOOOOOOOOXOOOOOOOOOOOOOOOOOXXOOOOOOOOOOOOOOOOOOOOOOOOOOOOOXOOOOOOOOOOO
`;

exports[`guns_and_eaters seed with odd grid 1`] = `
OOOOOOOOOOOXOOOOOOOOOOOOOOOOOOOOOOOOOOOOOXXOOOO
OOOOOOOOOOOXOXOOOOOOOOOOOOOOOOOOOOOOOOOOOXOOOOO
XXOOOOOOOOOOOOXXOOOOOOXXOOOOOOOOOOOOOOOXOXOOOOO
XXOOOOOOOOOOOOXXOOOOXOOOXOOOOOOOOOOOOOXOXOOOOOO
OOOOOOOOOOOOOOXXOOOXOOOOOXOOOOOOOOXXOOOXOOOOOOO
OOOOOOOOOOOXOXOOOOXXOXOOOXOOOOOOOOXXOOOOOOOOOOO
OOOOOOOOOOOXOOOOOOOXOOOOOXOOOOOOOOOOOOOOOOOOOOO
OOOOOOOOOOOOOOOOOOOOXOOOXOOOOOOOOOOOOOOOOOOOOOO
OOOOOOOOOOOOOOOOOOOOOOXXOOOOOOOOOOOOOOOOOOOOOOO
OOOOOOOOOOOOOOOOOOOOOOOOOOOOOOOOOOOOOOOOOOOOOOO
OOOOOOOOOOOOOOOOOOOOOOOOOOOOOOOOOOOOOOOOOOOOOOO
OOOOOOOOOOOOOOOOOOOOOOOOOOOOOOOOOOOOOOOOOOOOOOO
OOOOOOOOOOOOOOOOOOOOOOOOOOOOOOOOOOOOOOOOOOOOOOO
OOOOOOOOOOOOOOOOOOOOOOOOOOOOOOOOOOOOOOOOOOOOOOO
OOOOOOOOOOOOOOOOOOOOOOOXXOOOOOOOOOOOOOOOOOOOOOO
OOOOOOOOOOOOOOOOOOOOOOXOOOXOOOOOOOOOOOOOOOOOOOO
OOOOOOOOOOOOOOOOOOOOOXOOOOOXOOOOOOOXOOOOOOOOOOO
OOOOOOOOOOOXXOOOOOOOOXOOOXOXXOOOOXOXOOOOOOOOOOO
OOOOOOOXOOOXXOOOOOOOOXOOOOOXOOOXXOOOOOOOOOOOOOO
OOOOOOXOXOOOOOOOOOOOOOXOOOXOOOOXXOOOOOOOOOOOOXX
OOOOOXOXOOOOOOOOOOOOOOOXXOOOOOOXXOOOOOOOOOOOOXX
OOOOOXOOOOOOOOOOOOOOOOOOOOOOOOOOOXOXOOOOOOOOOOO
OOOOXXOOOOOOOOOOOOOOOOOOOOOOOOOOOOOXOOOOOOOOOOO
`;
