// Jest Snapshot v1, https://goo.gl/fbAQLP

exports[`guns_and_eaters seed with even grid 1`] = `
OOOOXXOOOOOOOOOOOOOOOOOOOOOOOOOOOOOXOOOOOOOOOOOOOOOOOXXOOOOOOOOOOOOOOOOOOOOOOOOOOOOOXOOOOOOOOOOOOOOOOOXXOOOOOOOOOOOOOOOOOOOOOOOOOOOOOXOOOOOOOOOOOOOOOOOXXOOOOOOOOOOOOOOOOOOOOOOOOOOOOOXOOOOOOOOOOOOOOOOOXXOOOOOOOOOOOOOOOOOOOOOOOOOOOOOXOOOOOOOOOOO
OOOOOXOOOOOOOOOOOOOOOOOOOOOOOOOOOXOXOOOOOOOOOOOOOOOOOOXOOOOOOOOOOOOOOOOOOOOOOOOOOOXOXOOOOOOOOOOOOOOOOOOXOOOOOOOOOOOOOOOOOOOOOOOOOOOXOXOOOOOOOOOOOOOOOOOOXOOOOOOOOOOOOOOOOOOOOOOOOOOOXOXOOOOOOOOOOOOOOOOOOXOOOOOOOOOOOOOOOOOOOOOOOOOOOXOXOOOOOOOOOOO
OOOOOXOXOOOOOOOOOOOOOOOXXOOOOOOXXOOOOOOOOOOOOXXOOOOOOOXOXOOOOOOOOOOOOOOOXXOOOOOOXXOOOOOOOOOOOOXXOOOOOOOXOXOOOOOOOOOOOOOOOXXOOOOOOXXOOOOOOOOOOOOXXOOOOOOOXOXOOOOOOOOOOOOOOOXXOOOOOOXXOOOOOOOOOOOOXXOOOOOOOXOXOOOOOOOOOOOOOOOXXOOOOOOXXOOOOOOOOOOOOXX
OOOOOOXOXOOOOOOOOOOOOOXOOOXOOOOXXOOOOOOOOOOOOXXOOOOOOOOXOXOOOOOOOOOOOOOXOOOXOOOOXXOOOOOOOOOOOOXXOOOOOOOOXOXOOOOOOOOOOOOOXOOOXOOOOXXOOOOOOOOOOOOXXOOOOOOOOXOXOOOOOOOOOOOOOXOOOXOOOOXXOOOOOOOOOOOOXXOOOOOOOOXOXOOOOOOOOOOOOOXOOOXOOOOXXOOOOOOOOOOOOXX
OOOOOOOXOOOXXOOOOOOOOXOOOOOXOOOXXOOOOOOOOOOOOOOOOOOOOOOOXOOOXXOOOOOOOOXOOOOOXOOOXXOOOOOOOOOOOOOOOOOOOOOOOXOOOXXOOOOOOOOXOOOOOXOOOXXOOOOOOOOOOOOOOOOOOOOOOOXOOOXXOOOOOOOOXOOOOOXOOOXXOOOOOOOOOOOOOOOOOOOOOOOXOOOXXOOOOOOOOXOOOOOXOOOXXOOOOOOOOOOOOOO
OOOOOOOOOOOXXOOOOOOOOXOOOXOXXOOOOXOXOOOOOOOOOOOOOOOOOOOOOOOOXXOOOOOOOOXOOOXOXXOOOOXOXOOOOOOOOOOOOOOOOOOOOOOOOXXOOOOOOOOXOOOXOXXOOOOXOXOOOOOOOOOOOOOOOOOOOOOOOOXXOOOOOOOOXOOOXOXXOOOOXOXOOOOOOOOOOOOOOOOOOOOOOOOXXOOOOOOOOXOOOXOXXOOOOXOXOOOOOOOOOOO
OOOOOOOOOOOOOOOOOOOOOXOOOOOXOOOOOOOXOOOOOOOOOOOOOOOOOOOOOOOOOOOOOOOOOOXOOOOOXOOOOOOOXOOOOOOOOOOOOOOOOOOOOOOOOOOOOOOOOOOXOOOOOXOOOOOOOXOOOOOOOOOOOOOOOOOOOOOOOOOOOOOOOOOOXOOOOOXOOOOOOOXOOOOOOOOOOOOOOOOOOOOOOOOOOOOOOOOOOXOOOOOXOOOOOOOXOOOOOOOOOOO
OOOOOOOOOOOOOOOOOOOOOOXOOOXOOOOOOOOOOOOOOOOOOOOOOOOOOOOOOOOOOOOOOOOOOOOXOOOXOOOOOOOOOOOOOOOOOOOOOOOOOOOOOOOOOOOOOOOOOOOOXOOOXOOOOOOOOOOOOOOOOOOOOOOOOOOOOOOOOOOOOOOOOOOOOXOOOXOOOOOOOOOOOOOOOOOOOOOOOOOOOOOOOOOOOOOOOOOOOOXOOOXOOOOOOOOOOOOOOOOOOOO
OOOOOOOOOOOOOOOOOOOOOOOXXOOOOOOOOOOOOOOOOOOOOOOOOOOOOOOOOOOOOOOOOOOOOOOOXXOOOOOOOOOOOOOOOOOOOOOOOOOOOOOOOOOOOOOOOOOOOOOOOXXOOOOOOOOOOOOOOOOOOOOOOOOOOOOOOOOOOOOOOOOOOOOOOOXXOOOOOOOOOOOOOOOOOOOOOOOOOOOOOOOOOOOOOOOOOOOOOOOXXOOOOOOOOOOOOOOOOOOOOOO
OOOOOOOOOOOOOOOOOOOOOOOOOOOOOOOOOOOOOOOOOOOOOOOOOOOOOOOOOOOOOOOOOOOOOOOOOOOOOOOOOOOOOOOOOOOOOOOOOOOOOOOOOOOOOOOOOOOOOOOOOOOOOOOOOOOOOOOOOOOOOOOOOOOOOOOOOOOOOOOOOOOOOOOOOOOOOOOOOOOOOOOOOOOOOOOOOOOOOOOOOOOOOOOOOOOOOOOOOOOOOOOOOOOOOOOOOOOOOOOOOOO
OOOOOOOOOOOOOOOOOOOOOOOOOOOOOOOOOOOOOOOOOOOOOOOOOOOOOOOOOOOOOOOOOOOOOOOOOOOOOOOOOOOOOOOOOOOOOOOOOOOOOOOOOOOOOOOOOOOOOOOOOOOOOOOOOOOOOOOOOOOOOOOOOOOOOOOOOOOOOOOOOOOOOOOOOOOOOOOOOOOOOOOOOOOOOOOOOOOOOOOOOOOOOOOOOOOOOOOOOOOOOOOOOOOOOOOOOOOOOOOOOOO
OOOOOOOOOOOOOOOOOOOOOOOOOOOOOOOOOOOOOOOOOOOOOOOOOOOOOOOOOOOOOOOOOOOOOOOOOOOOOOOOOOOOOOOOOOOOOOOOOOOOOOOOOOOOOOOOOOOOOOOOOOOOOOOOOOOOOOOOOOOOOOOOOOOOOOOOOOOOOOOOOOOOOOOOOOOOOOOOOOOOOOOOOOOOOOOOOOOOOOOOOOOOOOOOOOOOOOOOOOOOOOOOOOOOOOOOOOOOOOOOOOO
OOOOOOOOOOOOOOOOOOOOOOOOOOOOOOOOOOOOOOOOOOOOOOOOOOOOOOOOOOOOOOOOOOOOOOOOOOOOOOOOOOOOOOOOOOOOOOOOOOOOOOOOOOOOOOOOOOOOOOOOOOOOOOOOOOOOOOOOOOOOOOOOOOOOOOOOOOOOOOOOOOOOOOOOOOOOOOOOOOOOOOOOOOOOOOOOOOOOOOOOOOOOOOOOOOOOOOOOOOOOOOOOOOOOOOOOOOOOOOOOOOO
OOOOOOOOOOOOOOOOOOOOOOOOOOOOOOOOOOOOOOOOOOOOOOOOOOOOOOOOOOOOOOOOOOOOOOOOOOOOOOOOOOOOOOOOOOOOOOOOOOOOOOOOOOOOOOOOOOOOOOOOOOOOOOOOOOOOOOOOOOOOOOOOOOOOOOOOOOOOOOOOOOOOOOOOOOOOOOOOOOOOOOOOOOOOOOOOOOOOOOOOOOOOOOOOOOOOOOOOOOOOOOOOOOOOOOOOOOOOOOOOOOO
OOOOOOOOOOOOOOOOOOOOOOXXOOOOOOOOOOOOOOOOOOOOOOOOOOOOOOOOOOOOOOOOOOOOOOOXXOOOOOOOOOOOOOOOOOOOOOOOOOOOOOOOOOOOOOOOOOOOOOOOXXOOOOOOOOOOOOOOOOOOOOOOOOOOOOOOOOOOOOOOOOOOOOOOOXXOOOOOOOOOOOOOOOOOOOOOOOOOOOOOOOOOOOOOOOOOOOOOOOXXOOOOOOOOOOOOOOOOOOOOOOO
OOOOOOOOOOOOOOOOOOOOXOOOXOOOOOOOOOOOOOOOOOOOOOOOOOOOOOOOOOOOOOOOOOOOOXOOOXOOOOOOOOOOOOOOOOOOOOOOOOOOOOOOOOOOOOOOOOOOOOXOOOXOOOOOOOOOOOOOOOOOOOOOOOOOOOOOOOOOOOOOOOOOOOOXOOOXOOOOOOOOOOOOOOOOOOOOOOOOOOOOOOOOOOOOOOOOOOOOXOOOXOOOOOOOOOOOOOOOOOOOOOO
OOOOOOOOOOOXOOOOOOOXOOOOOXOOOOOOOOOOOOOOOOOOOOOOOOOOOOOOOOOOXOOOOOOOXOOOOOXOOOOOOOOOOOOOOOOOOOOOOOOOOOOOOOOOOXOOOOOOOXOOOOOXOOOOOOOOOOOOOOOOOOOOOOOOOOOOOOOOOOXOOOOOOOXOOOOOXOOOOOOOOOOOOOOOOOOOOOOOOOOOOOOOOOOXOOOOOOOXOOOOOXOOOOOOOOOOOOOOOOOOOOO
OOOOOOOOOOOXOXOOOOXXOXOOOXOOOOOOOOXXOOOOOOOOOOOOOOOOOOOOOOOOXOXOOOOXXOXOOOXOOOOOOOOXXOOOOOOOOOOOOOOOOOOOOOOOOXOXOOOOXXOXOOOXOOOOOOOOXXOOOOOOOOOOOOOOOOOOOOOOOOXOXOOOOXXOXOOOXOOOOOOOOXXOOOOOOOOOOOOOOOOOOOOOOOOXOXOOOOXXOXOOOXOOOOOOOOXXOOOOOOOOOOO
OOOOOOOOOOOOOOXXOOOXOOOOOXOOOOOOOOXXOOOXOOOOOOOOOOOOOOOOOOOOOOOXXOOOXOOOOOXOOOOOOOOXXOOOXOOOOOOOOOOOOOOOOOOOOOOOXXOOOXOOOOOXOOOOOOOOXXOOOXOOOOOOOOOOOOOOOOOOOOOOOXXOOOXOOOOOXOOOOOOOOXXOOOXOOOOOOOOOOOOOOOOOOOOOOOXXOOOXOOOOOXOOOOOOOOXXOOOXOOOOOOO
XXOOOOOOOOOOOOXXOOOOXOOOXOOOOOOOOOOOOOXOXOOOOOOOOXXOOOOOOOOOOOOXXOOOOXOOOXOOOOOOOOOOOOOXOXOOOOOOOOXXOOOOOOOOOOOOXXOOOOXOOOXOOOOOOOOOOOOOXOXOOOOOOOOXXOOOOOOOOOOOOXXOOOOXOOOXOOOOOOOOOOOOOXOXOOOOOOOOXXOOOOOOOOOOOOXXOOOOXOOOXOOOOOOOOOOOOOXOXOOOOOO
XXOOOOOOOOOOOOXXOOOOOOXXOOOOOOOOOOOOOOOXOXOOOOOOOXXOOOOOOOOOOOOXXOOOOOOXXOOOOOOOOOOOOOOOXOXOOOOOOOXXOOOOOOOOOOOOXXOOOOOOXXOOOOOOOOOOOOOOOXOXOOOOOOOXXOOOOOOOOOOOOXXOOOOOOXXOOOOOOOOOOOOOOOXOXOOOOOOOXXOOOOOOOOOOOOXXOOOOOOXXOOOOOOOOOOOOOOOXOXOOOOO
OOOOOOOOOOOXOXOOOOOOOOOOOOOOOOOOOOOOOOOOOXOOOOOOOOOOOOOOOOOOXOXOOOOOOOOOOOOOOOOOOOOOOOOOOOXOOOOOOOOOOOOOOOOOOXOXOOOOOOOOOOOOOOOOOOOOOOOOOOOXOOOOOOOOOOOOOOOOOOXOXOOOOOOOOOOOOOOOOOOOOOOOOOOOXOOOOOOOOOOOOOOOOOOXOXOOOOOOOOOOOOOOOOOOOOOOOOOOOXOOOOO
OOOOOOOOOOOXOOOOOOOOOOOOOOOOOOOOOOOOOOOOOXXOOOOOOOOOOOOOOOOOXOOOOOOOOOOOOOOOOOOOOOOOOOOOOOXXOOOOOOOOOOOOOOOOOXOOOOOOOOOOOOOOOOOOOOOOOOOOOOOXXOOOOOOOOOOOOOOOOOXOOOOOOOOOOOOOOOOOOOOOOOOOOOOOXXOOOOOOOOOOOOOOOOOXOOOOOOOOOOOOOOOOOOOOOOOOOOOOOXXOOOO
`;

exports[`guns_and_eaters seed with odd grid 1`] = `
OOOOXXOOOOOOOOOOOOOOOOOOOOOOOOOOOOOXOOOOOOOOOOO
OOOOOXOOOOOOOOOOOOOOOOOOOOOOOOOOOXOXOOOOOOOOOOO
OOOOOXOXOOOOOOOOOOOOOOOXXOOOOOOXXOOOOOOOOOOOOXX
OOOOOOXOXOOOOOOOOOOOOOXOOOXOOOOXXOOOOOOOOOOOOXX
OOOOOOOXOOOXXOOOOOOOOXOOOOOXOOOXXOOOOOOOOOOOOOO
OOOOOOOOOOOXXOOOOOOOOXOOOXOXXOOOOXOXOOOOOOOOOOO
OOOOOOOOOOOOOOOOOOOOOXOOOOOXOOOOOOOXOOOOOOOOOOO
OOOOOOOOOOOOOOOOOOOOOOXOOOXOOOOOOOOOOOOOOOOOOOO
OOOOOOOOOOOOOOOOOOOOOOOXXOOOOOOOOOOOOOOOOOOOOOO
OOOOOOOOOOOOOOOOOOOOOOOOOOOOOOOOOOOOOOOOOOOOOOO
OOOOOOOOOOOOOOOOOOOOOOOOOOOOOOOOOOOOOOOOOOOOOOO
OOOOOOOOOOOOOOOOOOOOOOOOOOOOOOOOOOOOOOOOOOOOOOO
OOOOOOOOOOOOOOOOOOOOOOOOOOOOOOOOOOOOOOOOOOOOOOO
OOOOOOOOOOOOOOOOOOOOOOOOOOOOOOOOOOOOOOOOOOOOOOO
OOOOOOOOOOOOOOOOOOOOOOXXOOOOOOOOOOOOOOOOOOOOOOO
OOOOOOOOOOOOOOOOOOOOXOOOXOOOOOOOOOOOOOOOOOOOOOO
OOOOOOOOOOOXOOOOOOOXOOOOOXOOOOOOOOOOOOOOOOOOOOO
OOOOOOOOOOOXOXOOOOXXOXOOOXOOOOOOOOXXOOOOOOOOOOO
OOOOOOOOOOOOOOXXOOOXOOOOOXOOOOOOOOXXOOOXOOOOOOO
XXOOOOOOOOOOOOXXOOOOXOOOXOOOOOOOOOOOOOXOXOOOOOO
XXOOOOOOOOOOOOXXOOOOOOXXOOOOOOOOOOOOOOOXOXOOOOO
OOOOOOOOOOOXOXOOOOOOOOOOOOOOOOOOOOOOOOOOOXOOOOO
OOOOOOOOOOOXOOOOOOOOOOOOOOOOOOOOOOOOOOOOOXXOOOO
`;
