// Jest Snapshot v1, https://goo.gl/fbAQLP

exports[`guns_and_eaters seed with even grid 1`] = `
OOOOXXOOOOOOOOOOOOOOOOOOOOOOOOOOOOOXOOOOOOOOOOOOOOOOXXOOOOOOOOOOOOOOOOOOOOOOOOOOOOOXOOOOOOOOOOOOOOOOXXOOOOOOOOOOOOOOOOOOOOOOOOOOOOOXOOOOOOOOOOOOOOOOXXOOOOOOOOOOOOOOOOOOOOOOOOOOOOOXOOOOOOOOOOOOOOOOXXOOOOOOOOOOOOOOOOOOOOOOOOOOOOOXOOOOOOOOOOO
OOOOOXOOOOOOOOOOOOOOOOOOOOOOOOOOOXOXOOOOOOOOOOOOOOOOOXOOOOOOOOOOOOOOOOOOOOOOOOOOOXOXOOOOOOOOOOOOOOOOOXOOOOOOOOOOOOOOOOOOOOOOOOOOOXOXOOOOOOOOOOOOOOOOOXOOOOOOOOOOOOOOOOOOOOOOOOOOOXOXOOOOOOOOOOOOOOOOOXOOOOOOOOOOOOOOOOOOOOOOOOOOOXOXOOOOOOOOOOO
OOOOOXOXOOOOOOOOOOOOOOOXXOOOOOOXXOOOOOOOOOOOOXXOOOOOOXOXOOOOOOOOOOOOOOOXXOOOOOOXXOOOOOOOOOOOOXXOOOOOOXOXOOOOOOOOOOOOOOOXXOOOOOOXXOOOOOOOOOOOOXXOOOOOOXOXOOOOOOOOOOOOOOOXXOOOOOOXXOOOOOOOOOOOOXXOOOOOOXOXOOOOOOOOOOOOOOOXXOOOOOOXXOOOOOOOOOOOOXX
OOOOOOXOXOOOOOOOOOOOOOXOOOXOOOOXXOOOOOOOOOOOOXXOOOOOOOXOXOOOOOOOOOOOOOXOOOXOOOOXXOOOOOOOOOOOOXXOOOOOOOXOXOOOOOOOOOOOOOXOOOXOOOOXXOOOOOOOOOOOOXXOOOOOOOXOXOOOOOOOOOOOOOXOOOXOOOOXXOOOOOOOOOOOOXXOOOOOOOXOXOOOOOOOOOOOOOXOOOXOOOOXXOOOOOOOOOOOOXX
OOOOOOOXOOOXXOOOOOOOOXOOOOOXOOOXXOOOOOOOOOOOOOOOOOOOOOOXOOOXXOOOOOOOOXOOOOOXOOOXXOOOOOOOOOOOOOOOOOOOOOOXOOOXXOOOOOOOOXOOOOOXOOOXXOOOOOOOOOOOOOOOOOOOOOOXOOOXXOOOOOOOOXOOOOOXOOOXXOOOOOOOOOOOOOOOOOOOOOOXOOOXXOOOOOOOOXOOOOOXOOOXXOOOOOOOOOOOOOO
OOOOOOOOOOOXXOOOOOOOOXOOOXOXXOOOOXOXOOOOOOOOOOOOOOOOOOOOOOOXXOOOOOOOOXOOOXOXXOOOOXOXOOOOOOOOOOOOOOOOOOOOOOOXXOOOOOOOOXOOOXOXXOOOOXOXOOOOOOOOOOOOOOOOOOOOOOOXXOOOOOOOOXOOOXOXXOOOOXOXOOOOOOOOOOOOOOOOOOOOOOOXXOOOOOOOOXOOOXOXXOOOOXOXOOOOOOOOOOO
OOOOOOOOOOOOOOOOOOOOOXOOOOOXOOOOOOOXOOOOOOOOOOOOOOOOOOOOOOOOOOOOOOOOOXOOOOOXOOOOOOOXOOOOOOOOOOOOOOOOOOOOOOOOOOOOOOOOOXOOOOOXOOOOOOOXOOOOOOOOOOOOOOOOOOOOOOOOOOOOOOOOOXOOOOOXOOOOOOOXOOOOOOOOOOOOOOOOOOOOOOOOOOOOOOOOOXOOOOOXOOOOOOOXOOOOOOOOOOO
OOOOOOOOOOOOOOOOOOOOOOXOOOXOOOOOOOOOOOOOOOOOOOOOOOOOOOOOOOOOOOOOOOOOOOXOOOXOOOOOOOOOOOOOOOOOOOOOOOOOOOOOOOOOOOOOOOOOOOXOOOXOOOOOOOOOOOOOOOOOOOOOOOOOOOOOOOOOOOOOOOOOOOXOOOXOOOOOOOOOOOOOOOOOOOOOOOOOOOOOOOOOOOOOOOOOOOXOOOXOOOOOOOOOOOOOOOOOOOO
OOOOOOOOOOOOOOOOOOOOOOOXXOOOOOOOOOOOOOOOOOOOOOOOOOOOOOOOOOOOOOOOOOOOOOOXXOOOOOOOOOOOOOOOOOOOOOOOOOOOOOOOOOOOOOOOOOOOOOOXXOOOOOOOOOOOOOOOOOOOOOOOOOOOOOOOOOOOOOOOOOOOOOOXXOOOOOOOOOOOOOOOOOOOOOOOOOOOOOOOOOOOOOOOOOOOOOOXXOOOOOOOOOOOOOOOOOOOOOO
OOOOOOOOOOOOOOOOOOOOOOOOOOOOOOOOOOOOOOOOOOOOOOOOOOOOOOOOOOOOOOOOOOOOOOOOOOOOOOOOOOOOOOOOOOOOOOOOOOOOOOOOOOOOOOOOOOOOOOOOOOOOOOOOOOOOOOOOOOOOOOOOOOOOOOOOOOOOOOOOOOOOOOOOOOOOOOOOOOOOOOOOOOOOOOOOOOOOOOOOOOOOOOOOOOOOOOOOOOOOOOOOOOOOOOOOOOOOOOO
OOOOOOOOOOOOOOOOOOOOOOOOOOOOOOOOOOOOOOOOOOOOOOOOOOOOOOOOOOOOOOOOOOOOOOOOOOOOOOOOOOOOOOOOOOOOOOOOOOOOOOOOOOOOOOOOOOOOOOOOOOOOOOOOOOOOOOOOOOOOOOOOOOOOOOOOOOOOOOOOOOOOOOOOOOOOOOOOOOOOOOOOOOOOOOOOOOOOOOOOOOOOOOOOOOOOOOOOOOOOOOOOOOOOOOOOOOOOOOO
OOOOOOOOOOOOOOOOOOOOOOOOOOOOOOOOOOOOOOOOOOOOOOOOOOOOOOOOOOOOOOOOOOOOOOOOOOOOOOOOOOOOOOOOOOOOOOOOOOOOOOOOOOOOOOOOOOOOOOOOOOOOOOOOOOOOOOOOOOOOOOOOOOOOOOOOOOOOOOOOOOOOOOOOOOOOOOOOOOOOOOOOOOOOOOOOOOOOOOOOOOOOOOOOOOOOOOOOOOOOOOOOOOOOOOOOOOOOOOO
OOOOOOOOOOOOOOOOOOOOOOOOOOOOOOOOOOOOOOOOOOOOOOOOOOOOOOOOOOOOOOOOOOOOOOOOOOOOOOOOOOOOOOOOOOOOOOOOOOOOOOOOOOOOOOOOOOOOOOOOOOOOOOOOOOOOOOOOOOOOOOOOOOOOOOOOOOOOOOOOOOOOOOOOOOOOOOOOOOOOOOOOOOOOOOOOOOOOOOOOOOOOOOOOOOOOOOOOOOOOOOOOOOOOOOOOOOOOOOO
OOOOOOOOOOOOOOOOOOOOOOOOOOOOOOOOOOOOOOOOOOOOOOOOOOOOOOOOOOOOOOOOOOOOOOOOOOOOOOOOOOOOOOOOOOOOOOOOOOOOOOOOOOOOOOOOOOOOOOOOOOOOOOOOOOOOOOOOOOOOOOOOOOOOOOOOOOOOOOOOOOOOOOOOOOOOOOOOOOOOOOOOOOOOOOOOOOOOOOOOOOOOOOOOOOOOOOOOOOOOOOOOOOOOOOOOOOOOOOO
OOOOOOOOOOOOOOOOOOOOOOXXOOOOOOOOOOOOOOOOOOOOOOOOOOOOOOOOOOOOOOOOOOOOOOXXOOOOOOOOOOOOOOOOOOOOOOOOOOOOOOOOOOOOOOOOOOOOOOXXOOOOOOOOOOOOOOOOOOOOOOOOOOOOOOOOOOOOOOOOOOOOOOXXOOOOOOOOOOOOOOOOOOOOOOOOOOOOOOOOOOOOOOOOOOOOOOXXOOOOOOOOOOOOOOOOOOOOOOO
OOOOOOOOOOOOOOOOOOOOXOOOXOOOOOOOOOOOOOOOOOOOOOOOOOOOOOOOOOOOOOOOOOOOXOOOXOOOOOOOOOOOOOOOOOOOOOOOOOOOOOOOOOOOOOOOOOOOXOOOXOOOOOOOOOOOOOOOOOOOOOOOOOOOOOOOOOOOOOOOOOOOXOOOXOOOOOOOOOOOOOOOOOOOOOOOOOOOOOOOOOOOOOOOOOOOXOOOXOOOOOOOOOOOOOOOOOOOOOO
OOOOOOOOOOOXOOOOOOOXOOOOOXOOOOOOOOOOOOOOOOOOOOOOOOOOOOOOOOOXOOOOOOOXOOOOOXOOOOOOOOOOOOOOOOOOOOOOOOOOOOOOOOOXOOOOOOOXOOOOOXOOOOOOOOOOOOOOOOOOOOOOOOOOOOOOOOOXOOOOOOOXOOOOOXOOOOOOOOOOOOOOOOOOOOOOOOOOOOOOOOOXOOOOOOOXOOOOOXOOOOOOOOOOOOOOOOOOOOO
OOOOOOOOOOOXOXOOOOXXOXOOOXOOOOOOOOXXOOOOOOOOOOOOOOOOOOOOOOOXOXOOOOXXOXOOOXOOOOOOOOXXOOOOOOOOOOOOOOOOOOOOOOOXOXOOOOXXOXOOOXOOOOOOOOXXOOOOOOOOOOOOOOOOOOOOOOOXOXOOOOXXOXOOOXOOOOOOOOXXOOOOOOOOOOOOOOOOOOOOOOOXOXOOOOXXOXOOOXOOOOOOOOXXOOOOOOOOOOO
OOOOOOOOOOOOOOXXOOOXOOOOOXOOOOOOOOXXOOOXOOOOOOOOOOOOOOOOOOOOOOXXOOOXOOOOOXOOOOOOOOXXOOOXOOOOOOOOOOOOOOOOOOOOOOXXOOOXOOOOOXOOOOOOOOXXOOOXOOOOOOOOOOOOOOOOOOOOOOXXOOOXOOOOOXOOOOOOOOXXOOOXOOOOOOOOOOOOOOOOOOOOOOXXOOOXOOOOOXOOOOOOOOXXOOOXOOOOOOO
XXOOOOOOOOOOOOXXOOOOXOOOXOOOOOOOOOOOOOXOXOOOOOOOXXOOOOOOOOOOOOXXOOOOXOOOXOOOOOOOOOOOOOXOXOOOOOOOXXOOOOOOOOOOOOXXOOOOXOOOXOOOOOOOOOOOOOXOXOOOOOOOXXOOOOOOOOOOOOXXOOOOXOOOXOOOOOOOOOOOOOXOXOOOOOOOXXOOOOOOOOOOOOXXOOOOXOOOXOOOOOOOOOOOOOXOXOOOOOO
XXOOOOOOOOOOOOXXOOOOOOXXOOOOOOOOOOOOOOOXOXOOOOOOXXOOOOOOOOOOOOXXOOOOOOXXOOOOOOOOOOOOOOOXOXOOOOOOXXOOOOOOOOOOOOXXOOOOOOXXOOOOOOOOOOOOOOOXOXOOOOOOXXOOOOOOOOOOOOXXOOOOOOXXOOOOOOOOOOOOOOOXOXOOOOOOXXOOOOOOOOOOOOXXOOOOOOXXOOOOOOOOOOOOOOOXOXOOOOO
OOOOOOOOOOOXOXOOOOOOOOOOOOOOOOOOOOOOOOOOOXOOOOOOOOOOOOOOOOOXOXOOOOOOOOOOOOOOOOOOOOOOOOOOOXOOOOOOOOOOOOOOOOOXOXOOOOOOOOOOOOOOOOOOOOOOOOOOOXOOOOOOOOOOOOOOOOOXOXOOOOOOOOOOOOOOOOOOOOOOOOOOOXOOOOOOOOOOOOOOOOOXOXOOOOOOOOOOOOOOOOOOOOOOOOOOOXOOOOO
OOOOOOOOOOOXOOOOOOOOOOOOOOOOOOOOOOOOOOOOOXXOOOOOOOOOOOOOOOOXOOOOOOOOOOOOOOOOOOOOOOOOOOOOOXXOOOOOOOOOOOOOOOOXOOOOOOOOOOOOOOOOOOOOOOOOOOOOOXXOOOOOOOOOOOOOOOOXOOOOOOOOOOOOOOOOOOOOOOOOOOOOOXXOOOOOOOOOOOOOOOOXOOOOOOOOOOOOOOOOOOOOOOOOOOOOOXXOOOO
`;

exports[`guns_and_eaters seed with odd grid 1`] = `
OOOOXXOOOOOOOOOOOOOOOOOOOOOOOOOOOOOXOOOOOOOOOOO
OOOOOXOOOOOOOOOOOOOOOOOOOOOOOOOOOXOXOOOOOOOOOOO
OOOOOXOXOOOOOOOOOOOOOOOXXOOOOOOXXOOOOOOOOOOOOXX
OOOOOOXOXOOOOOOOOOOOOOXOOOXOOOOXXOOOOOOOOOOOOXX
OOOOOOOXOOOXXOOOOOOOOXOOOOOXOOOXXOOOOOOOOOOOOOO
OOOOOOOOOOOXXOOOOOOOOXOOOXOXXOOOOXOXOOOOOOOOOOO
OOOOOOOOOOOOOOOOOOOOOXOOOOOXOOOOOOOXOOOOOOOOOOO
OOOOOOOOOOOOOOOOOOOOOOXOOOXOOOOOOOOOOOOOOOOOOOO
OOOOOOOOOOOOOOOOOOOOOOOXXOOOOOOOOOOOOOOOOOOOOOO
OOOOOOOOOOOOOOOOOOOOOOOOOOOOOOOOOOOOOOOOOOOOOOO
OOOOOOOOOOOOOOOOOOOOOOOOOOOOOOOOOOOOOOOOOOOOOOO
OOOOOOOOOOOOOOOOOOOOOOOOOOOOOOOOOOOOOOOOOOOOOOO
OOOOOOOOOOOOOOOOOOOOOOOOOOOOOOOOOOOOOOOOOOOOOOO
OOOOOOOOOOOOOOOOOOOOOOOOOOOOOOOOOOOOOOOOOOOOOOO
OOOOOOOOOOOOOOOOOOOOOOXXOOOOOOOOOOOOOOOOOOOOOOO
OOOOOOOOOOOOOOOOOOOOXOOOXOOOOOOOOOOOOOOOOOOOOOO
OOOOOOOOOOOXOOOOOOOXOOOOOXOOOOOOOOOOOOOOOOOOOOO
OOOOOOOOOOOXOXOOOOXXOXOOOXOOOOOOOOXXOOOOOOOOOOO
OOOOOOOOOOOOOOXXOOOXOOOOOXOOOOOOOOXXOOOXOOOOOOO
XXOOOOOOOOOOOOXXOOOOXOOOXOOOOOOOOOOOOOXOXOOOOOO
XXOOOOOOOOOOOOXXOOOOOOXXOOOOOOOOOOOOOOOXOXOOOOO
OOOOOOOOOOOXOXOOOOOOOOOOOOOOOOOOOOOOOOOOOXOOOOO
OOOOOOOOOOOXOOOOOOOOOOOOOOOOOOOOOOOOOOOOOXXOOOO
`;
