// Jest Snapshot v1, https://goo.gl/fbAQLP

exports[`guns_and_eaters seed with even grid 1`] = `
OOOOOOOOOOOXOOOOOOOOOOOOOOOOOOOOOOOOOOOOOXXOOOOOOOOOOOOOOOOXOOOOOOOOOOOOOOOOOOOOOOOOOOOOOXXOOOOOOOOOOOOOOOOXOOOOOOOOOOOOOOOOOOOOOOOOOOOOOXXOOOOOOOOOOOOOOOOXOOOOOOOOOOOOOOOOOOOOOOOOOOOOOXXOOOOOOOOOOOOOOOOXOOOOOOOOOOOOOOOOOOOOOOOOOOOOOXXOOOO
OOOOOOOOOOOXOXOOOOOOOOOOOOOOOOOOOOOOOOOOOXOOOOOOOOOOOOOOOOOXOXOOOOOOOOOOOOOOOOOOOOOOOOOOOXOOOOOOOOOOOOOOOOOXOXOOOOOOOOOOOOOOOOOOOOOOOOOOOXOOOOOOOOOOOOOOOOOXOXOOOOOOOOOOOOOOOOOOOOOOOOOOOXOOOOOOOOOOOOOOOOOXOXOOOOOOOOOOOOOOOOOOOOOOOOOOOXOOOOO
XXOOOOOOOOOOOOXXOOOOOOXXOOOOOOOOOOOOOOOXOXOOOOOOXXOOOOOOOOOOOOXXOOOOOOXXOOOOOOOOOOOOOOOXOXOOOOOOXXOOOOOOOOOOOOXXOOOOOOXXOOOOOOOOOOOOOOOXOXOOOOOOXXOOOOOOOOOOOOXXOOOOOOXXOOOOOOOOOOOOOOOXOXOOOOOOXXOOOOOOOOOOOOXXOOOOOOXXOOOOOOOOOOOOOOOXOXOOOOO
XXOOOOOOOOOOOOXXOOOOXOOOXOOOOOOOOOOOOOXOXOOOOOOOXXOOOOOOOOOOOOXXOOOOXOOOXOOOOOOOOOOOOOXOXOOOOOOOXXOOOOOOOOOOOOXXOOOOXOOOXOOOOOOOOOOOOOXOXOOOOOOOXXOOOOOOOOOOOOXXOOOOXOOOXOOOOOOOOOOOOOXOXOOOOOOOXXOOOOOOOOOOOOXXOOOOXOOOXOOOOOOOOOOOOOXOXOOOOOO
OOOOOOOOOOOOOOXXOOOXOOOOOXOOOOOOOOXXOOOXOOOOOOOOOOOOOOOOOOOOOOXXOOOXOOOOOXOOOOOOOOXXOOOXOOOOOOOOOOOOOOOOOOOOOOXXOOOXOOOOOXOOOOOOOOXXOOOXOOOOOOOOOOOOOOOOOOOOOOXXOOOXOOOOOXOOOOOOOOXXOOOXOOOOOOOOOOOOOOOOOOOOOOXXOOOXOOOOOXOOOOOOOOXXOOOXOOOOOOO
OOOOOOOOOOOXOXOOOOXXOXOOOXOOOOOOOOXXOOOOOOOOOOOOOOOOOOOOOOOXOXOOOOXXOXOOOXOOOOOOOOXXOOOOOOOOOOOOOOOOOOOOOOOXOXOOOOXXOXOOOXOOOOOOOOXXOOOOOOOOOOOOOOOOOOOOOOOXOXOOOOXXOXOOOXOOOOOOOOXXOOOOOOOOOOOOOOOOOOOOOOOXOXOOOOXXOXOOOXOOOOOOOOXXOOOOOOOOOOO
OOOOOOOOOOOXOOOOOOOXOOOOOXOOOOOOOOOOOOOOOOOOOOOOOOOOOOOOOOOXOOOOOOOXOOOOOXOOOOOOOOOOOOOOOOOOOOOOOOOOOOOOOOOXOOOOOOOXOOOOOXOOOOOOOOOOOOOOOOOOOOOOOOOOOOOOOOOXOOOOOOOXOOOOOXOOOOOOOOOOOOOOOOOOOOOOOOOOOOOOOOOXOOOOOOOXOOOOOXOOOOOOOOOOOOOOOOOOOOO
OOOOOOOOOOOOOOOOOOOOXOOOXOOOOOOOOOOOOOOOOOOOOOOOOOOOOOOOOOOOOOOOOOOOXOOOXOOOOOOOOOOOOOOOOOOOOOOOOOOOOOOOOOOOOOOOOOOOXOOOXOOOOOOOOOOOOOOOOOOOOOOOOOOOOOOOOOOOOOOOOOOOXOOOXOOOOOOOOOOOOOOOOOOOOOOOOOOOOOOOOOOOOOOOOOOOXOOOXOOOOOOOOOOOOOOOOOOOOOO
OOOOOOOOOOOOOOOOOOOOOOXXOOOOOOOOOOOOOOOOOOOOOOOOOOOOOOOOOOOOOOOOOOOOOOXXOOOOOOOOOOOOOOOOOOOOOOOOOOOOOOOOOOOOOOOOOOOOOOXXOOOOOOOOOOOOOOOOOOOOOOOOOOOOOOOOOOOOOOOOOOOOOOXXOOOOOOOOOOOOOOOOOOOOOOOOOOOOOOOOOOOOOOOOOOOOOOXXOOOOOOOOOOOOOOOOOOOOOOO
OOOOOOOOOOOOOOOOOOOOOOOOOOOOOOOOOOOOOOOOOOOOOOOOOOOOOOOOOOOOOOOOOOOOOOOOOOOOOOOOOOOOOOOOOOOOOOOOOOOOOOOOOOOOOOOOOOOOOOOOOOOOOOOOOOOOOOOOOOOOOOOOOOOOOOOOOOOOOOOOOOOOOOOOOOOOOOOOOOOOOOOOOOOOOOOOOOOOOOOOOOOOOOOOOOOOOOOOOOOOOOOOOOOOOOOOOOOOOOO
OOOOOOOOOOOOOOOOOOOOOOOOOOOOOOOOOOOOOOOOOOOOOOOOOOOOOOOOOOOOOOOOOOOOOOOOOOOOOOOOOOOOOOOOOOOOOOOOOOOOOOOOOOOOOOOOOOOOOOOOOOOOOOOOOOOOOOOOOOOOOOOOOOOOOOOOOOOOOOOOOOOOOOOOOOOOOOOOOOOOOOOOOOOOOOOOOOOOOOOOOOOOOOOOOOOOOOOOOOOOOOOOOOOOOOOOOOOOOOO
OOOOOOOOOOOOOOOOOOOOOOOOOOOOOOOOOOOOOOOOOOOOOOOOOOOOOOOOOOOOOOOOOOOOOOOOOOOOOOOOOOOOOOOOOOOOOOOOOOOOOOOOOOOOOOOOOOOOOOOOOOOOOOOOOOOOOOOOOOOOOOOOOOOOOOOOOOOOOOOOOOOOOOOOOOOOOOOOOOOOOOOOOOOOOOOOOOOOOOOOOOOOOOOOOOOOOOOOOOOOOOOOOOOOOOOOOOOOOOO
OOOOOOOOOOOOOOOOOOOOOOOOOOOOOOOOOOOOOOOOOOOOOOOOOOOOOOOOOOOOOOOOOOOOOOOOOOOOOOOOOOOOOOOOOOOOOOOOOOOOOOOOOOOOOOOOOOOOOOOOOOOOOOOOOOOOOOOOOOOOOOOOOOOOOOOOOOOOOOOOOOOOOOOOOOOOOOOOOOOOOOOOOOOOOOOOOOOOOOOOOOOOOOOOOOOOOOOOOOOOOOOOOOOOOOOOOOOOOOO
OOOOOOOOOOOOOOOOOOOOOOOOOOOOOOOOOOOOOOOOOOOOOOOOOOOOOOOOOOOOOOOOOOOOOOOOOOOOOOOOOOOOOOOOOOOOOOOOOOOOOOOOOOOOOOOOOOOOOOOOOOOOOOOOOOOOOOOOOOOOOOOOOOOOOOOOOOOOOOOOOOOOOOOOOOOOOOOOOOOOOOOOOOOOOOOOOOOOOOOOOOOOOOOOOOOOOOOOOOOOOOOOOOOOOOOOOOOOOOO
OOOOOOOOOOOOOOOOOOOOOOOXXOOOOOOOOOOOOOOOOOOOOOOOOOOOOOOOOOOOOOOOOOOOOOOXXOOOOOOOOOOOOOOOOOOOOOOOOOOOOOOOOOOOOOOOOOOOOOOXXOOOOOOOOOOOOOOOOOOOOOOOOOOOOOOOOOOOOOOOOOOOOOOXXOOOOOOOOOOOOOOOOOOOOOOOOOOOOOOOOOOOOOOOOOOOOOOXXOOOOOOOOOOOOOOOOOOOOOO
OOOOOOOOOOOOOOOOOOOOOOXOOOXOOOOOOOOOOOOOOOOOOOOOOOOOOOOOOOOOOOOOOOOOOOXOOOXOOOOOOOOOOOOOOOOOOOOOOOOOOOOOOOOOOOOOOOOOOOXOOOXOOOOOOOOOOOOOOOOOOOOOOOOOOOOOOOOOOOOOOOOOOOXOOOXOOOOOOOOOOOOOOOOOOOOOOOOOOOOOOOOOOOOOOOOOOOXOOOXOOOOOOOOOOOOOOOOOOOO
OOOOOOOOOOOOOOOOOOOOOXOOOOOXOOOOOOOXOOOOOOOOOOOOOOOOOOOOOOOOOOOOOOOOOXOOOOOXOOOOOOOXOOOOOOOOOOOOOOOOOOOOOOOOOOOOOOOOOXOOOOOXOOOOOOOXOOOOOOOOOOOOOOOOOOOOOOOOOOOOOOOOOXOOOOOXOOOOOOOXOOOOOOOOOOOOOOOOOOOOOOOOOOOOOOOOOXOOOOOXOOOOOOOXOOOOOOOOOOO
OOOOOOOOOOOXXOOOOOOOOXOOOXOXXOOOOXOXOOOOOOOOOOOOOOOOOOOOOOOXXOOOOOOOOXOOOXOXXOOOOXOXOOOOOOOOOOOOOOOOOOOOOOOXXOOOOOOOOXOOOXOXXOOOOXOXOOOOOOOOOOOOOOOOOOOOOOOXXOOOOOOOOXOOOXOXXOOOOXOXOOOOOOOOOOOOOOOOOOOOOOOXXOOOOOOOOXOOOXOXXOOOOXOXOOOOOOOOOOO
OOOOOOOXOOOXXOOOOOOOOXOOOOOXOOOXXOOOOOOOOOOOOOOOOOOOOOOXOOOXXOOOOOOOOXOOOOOXOOOXXOOOOOOOOOOOOOOOOOOOOOOXOOOXXOOOOOOOOXOOOOOXOOOXXOOOOOOOOOOOOOOOOOOOOOOXOOOXXOOOOOOOOXOOOOOXOOOXXOOOOOOOOOOOOOOOOOOOOOOXOOOXXOOOOOOOOXOOOOOXOOOXXOOOOOOOOOOOOOO
OOOOOOXOXOOOOOOOOOOOOOXOOOXOOOOXXOOOOOOOOOOOOXXOOOOOOOXOXOOOOOOOOOOOOOXOOOXOOOOXXOOOOOOOOOOOOXXOOOOOOOXOXOOOOOOOOOOOOOXOOOXOOOOXXOOOOOOOOOOOOXXOOOOOOOXOXOOOOOOOOOOOOOXOOOXOOOOXXOOOOOOOOOOOOXXOOOOOOOXOXOOOOOOOOOOOOOXOOOXOOOOXXOOOOOOOOOOOOXX
OOOOOXOXOOOOOOOOOOOOOOOXXOOOOOOXXOOOOOOOOOOOOXXOOOOOOXOXOOOOOOOOOOOOOOOXXOOOOOOXXOOOOOOOOOOOOXXOOOOOOXOXOOOOOOOOOOOOOOOXXOOOOOOXXOOOOOOOOOOOOXXOOOOOOXOXOOOOOOOOOOOOOOOXXOOOOOOXXOOOOOOOOOOOOXXOOOOOOXOXOOOOOOOOOOOOOOOXXOOOOOOXXOOOOOOOOOOOOXX
OOOOOXOOOOOOOOOOOOOOOOOOOOOOOOOOOXOXOOOOOOOOOOOOOOOOOXOOOOOOOOOOOOOOOOOOOOOOOOOOOXOXOOOOOOOOOOOOOOOOOXOOOOOOOOOOOOOOOOOOOOOOOOOOOXOXOOOOOOOOOOOOOOOOOXOOOOOOOOOOOOOOOOOOOOOOOOOOOXOXOOOOOOOOOOOOOOOOOXOOOOOOOOOOOOOOOOOOOOOOOOOOOXOXOOOOOOOOOOO
OOOOXXOOOOOOOOOOOOOOOOOOOOOOOOOOOOOXOOOOOOOOOOOOOOOOXXOOOOOOOOOOOOOOOOOOOOOOOOOOOOOXOOOOOOOOOOOOOOOOXXOOOOOOOOOOOOOOOOOOOOOOOOOOOOOXOOOOOOOOOOOOOOOOXXOOOOOOOOOOOOOOOOOOOOOOOOOOOOOXOOOOOOOOOOOOOOOOXXOOOOOOOOOOOOOOOOOOOOOOOOOOOOOXOOOOOOOOOOO
`;

exports[`guns_and_eaters seed with odd grid 1`] = `
OOOOOOOOOOOXOOOOOOOOOOOOOOOOOOOOOOOOOOOOOXXOOOO
OOOOOOOOOOOXOXOOOOOOOOOOOOOOOOOOOOOOOOOOOXOOOOO
XXOOOOOOOOOOOOXXOOOOOOXXOOOOOOOOOOOOOOOXOXOOOOO
XXOOOOOOOOOOOOXXOOOOXOOOXOOOOOOOOOOOOOXOXOOOOOO
OOOOOOOOOOOOOOXXOOOXOOOOOXOOOOOOOOXXOOOXOOOOOOO
OOOOOOOOOOOXOXOOOOXXOXOOOXOOOOOOOOXXOOOOOOOOOOO
OOOOOOOOOOOXOOOOOOOXOOOOOXOOOOOOOOOOOOOOOOOOOOO
OOOOOOOOOOOOOOOOOOOOXOOOXOOOOOOOOOOOOOOOOOOOOOO
OOOOOOOOOOOOOOOOOOOOOOXXOOOOOOOOOOOOOOOOOOOOOOO
OOOOOOOOOOOOOOOOOOOOOOOOOOOOOOOOOOOOOOOOOOOOOOO
OOOOOOOOOOOOOOOOOOOOOOOOOOOOOOOOOOOOOOOOOOOOOOO
OOOOOOOOOOOOOOOOOOOOOOOOOOOOOOOOOOOOOOOOOOOOOOO
OOOOOOOOOOOOOOOOOOOOOOOOOOOOOOOOOOOOOOOOOOOOOOO
OOOOOOOOOOOOOOOOOOOOOOOOOOOOOOOOOOOOOOOOOOOOOOO
OOOOOOOOOOOOOOOOOOOOOOOXXOOOOOOOOOOOOOOOOOOOOOO
OOOOOOOOOOOOOOOOOOOOOOXOOOXOOOOOOOOOOOOOOOOOOOO
OOOOOOOOOOOOOOOOOOOOOXOOOOOXOOOOOOOXOOOOOOOOOOO
OOOOOOOOOOOXXOOOOOOOOXOOOXOXXOOOOXOXOOOOOOOOOOO
OOOOOOOXOOOXXOOOOOOOOXOOOOOXOOOXXOOOOOOOOOOOOOO
OOOOOOXOXOOOOOOOOOOOOOXOOOXOOOOXXOOOOOOOOOOOOXX
OOOOOXOXOOOOOOOOOOOOOOOXXOOOOOOXXOOOOOOOOOOOOXX
OOOOOXOOOOOOOOOOOOOOOOOOOOOOOOOOOXOXOOOOOOOOOOO
OOOOXXOOOOOOOOOOOOOOOOOOOOOOOOOOOOOXOOOOOOOOOOO
`;
